// Jest Snapshot v1, https://goo.gl/fbAQLP

exports[`components/custom_status/custom_status_emoji should match snapshot 1`] = `
<View
  style={
    Object {
      "alignItems": "center",
      "flex": 1,
      "flexDirection": "row",
      "width": "70%",
    }
  }
>
  <Text
    style={
      Object {
        "color": "#3d3c40",
        "fontSize": 15,
      }
    }
  >
     (
  </Text>
  <Text
    style={
      Object {
        "color": "#3d3c40",
        "fontSize": 15,
      }
    }
  >
    Until
  </Text>
  <Text
    style={
      Object {
        "color": "#3d3c40",
        "fontSize": 15,
      }
    }
  >
     
  </Text>
  <Text
    style={
      Object {
        "color": "#3d3c40",
        "fontSize": 15,
      }
    }
  >
    10:14 AM
  </Text>
  <Text
    style={
      Object {
        "color": "#3d3c40",
        "fontSize": 15,
      }
    }
  >
    ) 
  </Text>
</View>
`;
